2022-05-18 12:14:55,124 - cli.py - This is Paynt version 0.1.0.
2022-05-18 12:14:55,128 - sketch.py - Loading sketch from workspace/storm-experiments/models/maze/sketch.templ...
2022-05-18 12:14:55,128 - sketch.py - Attempting to parse model in explicit format ...
ERROR (DirectEncodingParser.cpp:125): Could not parse line 'pomdp'.
2022-05-18 12:14:55,134 - sketch.py - Assuming a sketch in a PRISM format ...
2022-05-18 12:14:55,150 - sketch.py - Sketch does not contain any hole definitions.
2022-05-18 12:14:55,150 - sketch.py - Loading properties from workspace/storm-experiments/models/maze/sketch.props ...
2022-05-18 12:14:55,154 - sketch.py - Found the following specification: constraints: none, optimality objective: R[exp]{"steps"}min=? [F ((x = 2) & (y = 0))] 
2022-05-18 12:14:55,155 - sketch.py - Initializing the quotient ...
2022-05-18 12:14:55,164 - quotient.py - Constructed POMDP having 8 observations.
2022-05-18 12:14:55,164 - quotient.py - Constructed quotient MDP having 15 states and 54 actions.
2022-05-18 12:14:55,165 - sketch.py - Sketch parsing complete.
2022-05-18 12:14:55,165 - pomdp.py - Injected memory into observation 0.
2022-05-18 12:14:55,165 - pomdp.py - Injected memory into observation 0.
2022-05-18 12:14:55,166 - pomdp.py - Injected memory into observation 3.

------------------------------------------------------------

2022-05-18 12:14:55,166 - quotient.py - Constructed quotient MDP having 25 states and 224 actions.
MDP SCORES:  {0: 1.129420144892093, 5: 1.1244461715342402}
2022-05-18 12:14:55,167 - synthesizer.py - Synthesis initiated.
2022-05-18 12:14:55,171 - property.py - New opt = 1443.6860033476144.
2022-05-18 12:14:55,172 - property.py - New opt = 30.036473946270142.
2022-05-18 12:14:55,179 - property.py - New opt = 7.552867316350279.
2022-05-18 12:14:55,180 - property.py - New opt = 7.372104939140935.
--------------------
Synthesis summary

optimality objective: R[exp]{"steps"}min=? [F ((x = 2) & (y = 0))] 

method: AR, synthesis time: 0.54 s
number of holes: 10, family size: 4586471424, super quotient: 25 states / 224 actions
explored: 100 %
AR stats: avg MDP size: 25, iterations: 1840

optimal: 7.372105
--------------------

hole scores:  {0: 0.08726028659870262, 1: 0.11891395556238184, 5: 0.0937765486484594}
selected hole:  1
hole has options:  [0]
selection:  [[9, 3], [0], [0], [9], [6], [0, 4], [0], [0], [0], [3]]
2022-05-18 12:14:55,707 - pomdp.py - FSC synthesis: elapsed 0.5 s, opt = 7.372, injections: 3.
2022-05-18 12:14:55,707 - pomdp.py - FSC: AM([l=1 & r=1],0)={'right'}+0, AM([l=1 & r=1],1)={'right'}+1, AM([l=1 & r=1],2)={'left'}+2, AM([d=1 & l=1],0)={'left'}+2, AM([d=1 & l=1 & r=1],0)={'down'}+1, AM([d=1 & u=1],0)={'up'}+0, AM([d=1 & u=1],1)={'down'}+1, AM([bad=1 & u=1],0)={'up'}+0, M([bad=1],0)=0, AM([d=1 & r=1],0)={'right'}+0
2022-05-18 12:14:55,707 - pomdp.py - Injected memory into observation 0.

------------------------------------------------------------

2022-05-18 12:14:55,708 - quotient.py - Constructed quotient MDP having 27 states and 293 actions.
MDP SCORES:  {0: 1.129420144892093, 6: 1.1244461715342402}
2022-05-18 12:14:55,710 - synthesizer.py - Synthesis initiated.
